// Jest Snapshot v1, https://goo.gl/fbAQLP

exports[`Container Test FaceGoContainer Test 1`] = `
<RNCSafeAreaView
  edges={
    Array [
      "top",
    ]
  }
  style={
    Object {
      "backgroundColor": "#212529",
      "flex": 1,
    }
  }
  testID="layout"
>
  <View
    style={
      Object {
        "height": "10%",
      }
    }
  >
    <View
      style={
        Object {
          "alignItems": "center",
          "backgroundColor": "#212529",
          "color": "#FCF8F6",
          "flexDirection": "row",
          "height": "100%",
          "justifyContent": "space-evenly",
          "paddingLeft": 8,
          "paddingRight": 8,
          "width": "100%",
        }
      }
    />
  </View>
  <View
    style={
      Object {
        "flex": 1,
        "position": "relative",
      }
    }
  />
</RNCSafeAreaView>
`;

exports[`Container Test FaceRecognitionContainer Test 1`] = `
<View
  style={
    Object {
      "alignItems": "center",
      "flexDirection": "row",
      "height": "100%",
      "justifyContent": "center",
      "width": "100%",
    }
  }
  testID="recognition"
>
  <View
    style={
      Object {
        "alignItems": "center",
        "flex": 1,
        "justifyContent": "center",
      }
    }
  >
    <ActivityIndicator
      size="small"
    />
  </View>
  <Image
    source={
      Object {
        "testUri": "../../../public/assets/images/faceGo/faceShape.png",
      }
    }
    style={
      Object {
        "height": "100%",
        "opacity": 0.3,
        "position": "absolute",
        "width": "100%",
      }
    }
  />
  <View
    style={
      Object {
        "alignItems": "center",
        "backgroundColor": "#ffffff",
        "borderRadius": 20,
        "flex": 1,
        "height": "50%",
        "justifyContent": "center",
        "padding": "5%",
        "width": "80%",
      }
    }
  >
    <Text
      style={
        Object {
          "fontSize": 20,
          "fontWeight": "900",
        }
      }
    >
      권한 승인이 필요 합니다.
      

    </Text>
    <Text>
      해당 서비스를 사용하기 위해서는 카메라 권한 승인이 필요합니다. 해당 권한을 승인하지 않으면 서비스 이용이 제한됩니다.
      

    </Text>
    <View
      accessible={true}
      collapsable={false}
      focusable={true}
      onClick={[Function]}
      onResponderGrant={[Function]}
      onResponderMove={[Function]}
      onResponderRelease={[Function]}
      onResponderTerminate={[Function]}
      onResponderTerminationRequest={[Function]}
      onStartShouldSetResponder={[Function]}
      style={
        Object {
          "alignItems": "center",
          "backgroundColor": "#f45a5a",
          "borderRadius": 20,
          "height": 40,
          "justifyContent": "center",
          "opacity": 1,
          "width": 100,
        }
      }
    >
      <Text
        style={
          Object {
            "color": "#FCF8F6",
            "fontSize": 15,
            "fontWeight": "bold",
            "padding": 8,
          }
        }
      >
        설정으로 가기
      </Text>
    </View>
  </View>
</View>
`;

exports[`Container Test MapContainer Test 1`] = `
<View
  style={
    Array [
      Object {
        "alignItems": "center",
        "backgroundColor": "#FCF8F6",
        "borderColor": "#FCF8F6",
        "borderRadius": 10,
        "borderWidth": 5,
        "flexWrap": "wrap",
        "justifyContent": "center",
      },
      [Function],
      [Function],
    ]
  }
  testID="map"
>
  <RCTScrollView
    data={
      Array [
        1,
        1,
        0,
      ]
    }
    getItem={[Function]}
    getItemCount={[Function]}
    keyExtractor={[Function]}
    onContentSizeChange={[Function]}
    onLayout={[Function]}
    onMomentumScrollBegin={[Function]}
    onMomentumScrollEnd={[Function]}
    onScroll={[Function]}
    onScrollBeginDrag={[Function]}
    onScrollEndDrag={[Function]}
    removeClippedSubviews={false}
    renderItem={[Function]}
    scrollEnabled={false}
    scrollEventThrottle={50}
    stickyHeaderIndices={Array []}
    viewabilityConfigCallbackPairs={Array []}
  >
    <View>
      <View
        onLayout={[Function]}
        style={null}
      >
        <View
          style={
            Object {
              "flexDirection": "row",
            }
          }
        >
          <View
            style={
              Object {
                "alignItems": "center",
                "backgroundColor": "#21D0B2",
                "borderColor": "#ffffff",
                "borderRadius": 10,
                "borderWidth": 2,
                "height": 106.75,
                "justifyContent": "center",
                "width": 91.33333333333333,
              }
            }
          />
          <View
            style={
              Object {
                "alignItems": "center",
                "backgroundColor": "#5fceec",
                "borderColor": "#ffffff",
                "borderRadius": 10,
                "borderWidth": 2,
                "height": 106.75,
                "justifyContent": "center",
                "width": 91.33333333333333,
              }
            }
          />
          <View
            style={
              Object {
                "alignItems": "center",
                "backgroundColor": "#2F455C",
                "borderColor": "#ffffff",
                "borderRadius": 10,
                "borderWidth": 2,
                "height": 106.75,
                "justifyContent": "center",
                "width": 91.33333333333333,
              }
            }
          >
            <Text
              allowFontScaling={false}
              selectable={false}
              style={
                Array [
                  Object {
                    "color": "#5c6977",
                    "fontSize": 91.33333333333333,
                  },
                  undefined,
                  Object {
                    "fontFamily": "Material Design Icons",
                    "fontStyle": "normal",
                    "fontWeight": "normal",
                  },
                  Object {},
                ]
              }
            >
              󰅖
            </Text>
          </View>
        </View>
      </View>
    </View>
  </RCTScrollView>
  <RCTScrollView
    data={
      Array [
        0,
        1,
        0,
      ]
    }
    getItem={[Function]}
    getItemCount={[Function]}
    keyExtractor={[Function]}
    onContentSizeChange={[Function]}
    onLayout={[Function]}
    onMomentumScrollBegin={[Function]}
    onMomentumScrollEnd={[Function]}
    onScroll={[Function]}
    onScrollBeginDrag={[Function]}
    onScrollEndDrag={[Function]}
    removeClippedSubviews={false}
    renderItem={[Function]}
    scrollEnabled={false}
    scrollEventThrottle={50}
    stickyHeaderIndices={Array []}
    viewabilityConfigCallbackPairs={Array []}
  >
    <View>
      <View
        onLayout={[Function]}
        style={null}
      >
        <View
          style={
            Object {
              "flexDirection": "row",
            }
          }
        >
          <View
            style={
              Object {
                "alignItems": "center",
                "backgroundColor": "#2F455C",
                "borderColor": "#ffffff",
                "borderRadius": 10,
                "borderWidth": 2,
                "height": 106.75,
                "justifyContent": "center",
                "width": 91.33333333333333,
              }
            }
          >
            <Text
              allowFontScaling={false}
              selectable={false}
              style={
                Array [
                  Object {
                    "color": "#5c6977",
                    "fontSize": 91.33333333333333,
                  },
                  undefined,
                  Object {
                    "fontFamily": "Material Design Icons",
                    "fontStyle": "normal",
                    "fontWeight": "normal",
                  },
                  Object {},
                ]
              }
            >
              󰅖
            </Text>
          </View>
          <View
            style={
              Object {
                "alignItems": "center",
                "backgroundColor": "#5fceec",
                "borderColor": "#ffffff",
                "borderRadius": 10,
                "borderWidth": 2,
                "height": 106.75,
                "justifyContent": "center",
                "width": 91.33333333333333,
              }
            }
          />
          <View
            style={
              Object {
                "alignItems": "center",
                "backgroundColor": "#2F455C",
                "borderColor": "#ffffff",
                "borderRadius": 10,
                "borderWidth": 2,
                "height": 106.75,
                "justifyContent": "center",
                "width": 91.33333333333333,
              }
            }
          >
            <Text
              allowFontScaling={false}
              selectable={false}
              style={
                Array [
                  Object {
                    "color": "#5c6977",
                    "fontSize": 91.33333333333333,
                  },
                  undefined,
                  Object {
                    "fontFamily": "Material Design Icons",
                    "fontStyle": "normal",
                    "fontWeight": "normal",
                  },
                  Object {},
                ]
              }
            >
              󰅖
            </Text>
          </View>
        </View>
      </View>
    </View>
  </RCTScrollView>
  <RCTScrollView
    data={
      Array [
        1,
        1,
        1,
      ]
    }
    getItem={[Function]}
    getItemCount={[Function]}
    keyExtractor={[Function]}
    onContentSizeChange={[Function]}
    onLayout={[Function]}
    onMomentumScrollBegin={[Function]}
    onMomentumScrollEnd={[Function]}
    onScroll={[Function]}
    onScrollBeginDrag={[Function]}
    onScrollEndDrag={[Function]}
    removeClippedSubviews={false}
    renderItem={[Function]}
    scrollEnabled={false}
    scrollEventThrottle={50}
    stickyHeaderIndices={Array []}
    viewabilityConfigCallbackPairs={Array []}
  >
    <View>
      <View
        onLayout={[Function]}
        style={null}
      >
        <View
          style={
            Object {
              "flexDirection": "row",
            }
          }
        >
          <View
            style={
              Object {
                "alignItems": "center",
                "backgroundColor": "#5fceec",
                "borderColor": "#ffffff",
                "borderRadius": 10,
                "borderWidth": 2,
                "height": 106.75,
                "justifyContent": "center",
                "width": 91.33333333333333,
              }
            }
          />
          <View
            style={
              Object {
                "alignItems": "center",
                "backgroundColor": "#5fceec",
                "borderColor": "#ffffff",
                "borderRadius": 10,
                "borderWidth": 2,
                "height": 106.75,
                "justifyContent": "center",
                "width": 91.33333333333333,
              }
            }
          />
          <View
            style={
              Object {
                "alignItems": "center",
                "backgroundColor": "#5fceec",
                "borderColor": "#ffffff",
                "borderRadius": 10,
                "borderWidth": 2,
                "height": 106.75,
                "justifyContent": "center",
                "width": 91.33333333333333,
              }
            }
          />
        </View>
      </View>
    </View>
  </RCTScrollView>
  <RCTScrollView
    data={
      Array [
        0,
        1,
        2,
      ]
    }
    getItem={[Function]}
    getItemCount={[Function]}
    keyExtractor={[Function]}
    onContentSizeChange={[Function]}
    onLayout={[Function]}
    onMomentumScrollBegin={[Function]}
    onMomentumScrollEnd={[Function]}
    onScroll={[Function]}
    onScrollBeginDrag={[Function]}
    onScrollEndDrag={[Function]}
    removeClippedSubviews={false}
    renderItem={[Function]}
    scrollEnabled={false}
    scrollEventThrottle={50}
    stickyHeaderIndices={Array []}
    viewabilityConfigCallbackPairs={Array []}
  >
    <View>
      <View
        onLayout={[Function]}
        style={null}
      >
        <View
          style={
            Object {
              "flexDirection": "row",
            }
          }
        >
          <View
            style={
              Object {
                "alignItems": "center",
                "backgroundColor": "#2F455C",
                "borderColor": "#ffffff",
                "borderRadius": 10,
                "borderWidth": 2,
                "height": 106.75,
                "justifyContent": "center",
                "width": 91.33333333333333,
              }
            }
          >
            <Text
              allowFontScaling={false}
              selectable={false}
              style={
                Array [
                  Object {
                    "color": "#5c6977",
                    "fontSize": 91.33333333333333,
                  },
                  undefined,
                  Object {
                    "fontFamily": "Material Design Icons",
                    "fontStyle": "normal",
                    "fontWeight": "normal",
                  },
                  Object {},
                ]
              }
            >
              󰅖
            </Text>
          </View>
          <View
            style={
              Object {
                "alignItems": "center",
                "backgroundColor": "#5fceec",
                "borderColor": "#ffffff",
                "borderRadius": 10,
                "borderWidth": 2,
                "height": 106.75,
                "justifyContent": "center",
                "width": 91.33333333333333,
              }
            }
          />
          <View
            style={
              Object {
                "alignItems": "center",
                "backgroundColor": "#21D0B2",
                "borderColor": "#ffffff",
                "borderRadius": 10,
                "borderWidth": 2,
                "height": 106.75,
                "justifyContent": "center",
                "width": 91.33333333333333,
              }
            }
          />
        </View>
      </View>
    </View>
  </RCTScrollView>
  <View
    style={
      Object {
        "left": 10,
        "position": "absolute",
        "top": 5,
      }
    }
  >
    <Text
      style={
        Object {
          "color": "#FCF8F6",
          "fontSize": 14,
        }
      }
    >
      Start
    </Text>
  </View>
  <View
    style={
      Object {
        "bottom": 5,
        "position": "absolute",
        "right": 15,
      }
    }
  >
    <Text
      style={
        Object {
          "color": "#FCF8F6",
          "fontSize": 14,
        }
      }
    >
      End
    </Text>
  </View>
</View>
`;
