// Jest Snapshot v1, https://goo.gl/fbAQLP

exports[`Hooks Test useCharacter Test 1`] = `
<View>
  <View
    accessibilityRole="button"
    accessible={true}
    collapsable={false}
    focusable={true}
    onClick={[Function]}
    onResponderGrant={[Function]}
    onResponderMove={[Function]}
    onResponderRelease={[Function]}
    onResponderTerminate={[Function]}
    onResponderTerminationRequest={[Function]}
    onStartShouldSetResponder={[Function]}
    style={
      Object {
        "opacity": 1,
      }
    }
    testID="testButton"
  >
    <View
      style={
        Array [
          Object {},
        ]
      }
    >
      <Text
        style={
          Array [
            Object {
              "color": "#007AFF",
              "fontSize": 18,
              "margin": 8,
              "textAlign": "center",
            },
          ]
        }
      >
        MOVE
      </Text>
    </View>
  </View>
  );
  <Text
    testID="xPosition"
  >
    0
  </Text>
  <Text
    testID="yPosition"
  >
    0
  </Text>
  <Text
    testID="minusScore"
  >
    0
  </Text>
</View>
`;
