// Jest Snapshot v1, https://goo.gl/fbAQLP

exports[`Layout Test Carousel Test 1`] = `
<View
  style={
    Object {
      "alignItems": "center",
      "flex": 1,
      "height": "60%",
      "justifyContent": "center",
    }
  }
>
  <RCTScrollView
    automaticallyAdjustContentInsets={false}
    contentContainerStyle={
      Object {
        "paddingHorizontal": 22.5,
      }
    }
    data={
      Array [
        Object {
          "description": "description1",
          "title": "Title1",
        },
        Object {
          "description": "description2",
          "title": "Title2",
        },
      ]
    }
    decelerationRate="fast"
    getItem={[Function]}
    getItemCount={[Function]}
    horizontal={true}
    keyExtractor={[Function]}
    onContentSizeChange={[Function]}
    onLayout={[Function]}
    onMomentumScrollBegin={[Function]}
    onMomentumScrollEnd={[Function]}
    onScroll={[Function]}
    onScrollBeginDrag={[Function]}
    onScrollEndDrag={[Function]}
    pagingEnabled={true}
    removeClippedSubviews={false}
    renderItem={[Function]}
    scrollEventThrottle={50}
    showsHorizontalScrollIndicator={false}
    snapToAlignment="start"
    snapToInterval={255}
    stickyHeaderIndices={Array []}
    viewabilityConfigCallbackPairs={Array []}
  >
    <View>
      <View
        onLayout={[Function]}
        style={
          Array [
            Object {
              "flexDirection": "row",
            },
            null,
          ]
        }
      >
        <View>
          <Text>
            Title1
          </Text>
          <Text>
            description1
          </Text>
        </View>
      </View>
      <View
        onLayout={[Function]}
        style={
          Array [
            Object {
              "flexDirection": "row",
            },
            null,
          ]
        }
      >
        <View>
          <Text>
            Title2
          </Text>
          <Text>
            description2
          </Text>
        </View>
      </View>
    </View>
  </RCTScrollView>
</View>
`;

exports[`Layout Test GameLayout Test 1`] = `
<RNCSafeAreaView
  edges={
    Array [
      "top",
    ]
  }
  style={
    Object {
      "backgroundColor": "#212529",
      "flex": 1,
    }
  }
  testID="layout"
>
  <View
    style={
      Object {
        "height": "10%",
      }
    }
  >
    <View
      style={
        Object {
          "alignItems": "center",
          "backgroundColor": "#212529",
          "color": "#FCF8F6",
          "flexDirection": "row",
          "height": "100%",
          "justifyContent": "space-evenly",
          "paddingLeft": 8,
          "paddingRight": 8,
          "width": "100%",
        }
      }
    >
      <View
        accessible={true}
        collapsable={false}
        focusable={true}
        onBlur={[Function]}
        onClick={[Function]}
        onFocus={[Function]}
        onResponderGrant={[Function]}
        onResponderMove={[Function]}
        onResponderRelease={[Function]}
        onResponderTerminate={[Function]}
        onResponderTerminationRequest={[Function]}
        onStartShouldSetResponder={[Function]}
        style={
          Object {
            "height": 40,
            "width": 65,
          }
        }
        testID="backButton"
      >
        <Text
          allowFontScaling={false}
          selectable={false}
          style={
            Array [
              Object {
                "color": "#96A1A8",
                "fontSize": 40,
              },
              undefined,
              Object {
                "fontFamily": "Material Design Icons",
                "fontStyle": "normal",
                "fontWeight": "normal",
              },
              Object {},
            ]
          }
        >
          󰁎
        </Text>
      </View>
      <View>
        <View
          style={
            Object {
              "alignItems": "center",
              "flex": 1,
              "justifyContent": "center",
              "marginBottom": 8,
            }
          }
          testID="timer"
        >
          <Text
            style={
              Object {
                "color": "#FCF8F6",
                "fontSize": 12,
              }
            }
          >
            맵이 가려지기
            <Text
              style={
                Object {
                  "color": "#FCF8F6",
                  "fontSize": 24,
                }
              }
            >
              5
            </Text>
            초 전
          </Text>
        </View>
      </View>
      <View
        style={
          Object {
            "flexDirection": "row",
          }
        }
      >
        <Text
          allowFontScaling={false}
          selectable={false}
          style={
            Array [
              Object {
                "color": "#f45a5a",
                "fontSize": 28,
              },
              undefined,
              Object {
                "fontFamily": "Material Design Icons",
                "fontStyle": "normal",
                "fontWeight": "normal",
              },
              Object {},
            ]
          }
        >
          󰋑
        </Text>
        <Text
          allowFontScaling={false}
          selectable={false}
          style={
            Array [
              Object {
                "color": "#f45a5a",
                "fontSize": 28,
              },
              undefined,
              Object {
                "fontFamily": "Material Design Icons",
                "fontStyle": "normal",
                "fontWeight": "normal",
              },
              Object {},
            ]
          }
        >
          󰋑
        </Text>
        <Text
          allowFontScaling={false}
          selectable={false}
          style={
            Array [
              Object {
                "color": "#f45a5a",
                "fontSize": 28,
              },
              undefined,
              Object {
                "fontFamily": "Material Design Icons",
                "fontStyle": "normal",
                "fontWeight": "normal",
              },
              Object {},
            ]
          }
        >
          󰋑
        </Text>
      </View>
    </View>
  </View>
  <View
    style={
      Object {
        "alignItems": "center",
        "backgroundColor": "#FCF8F6",
        "flex": 1,
        "height": "100%",
        "justifyContent": "center",
        "width": "100%",
      }
    }
  >
    <Text>
      children component
    </Text>
  </View>
</RNCSafeAreaView>
`;
